Built from '6000.6/respin/6000.6.0f1-fa21a270ab12' branch; Version is '6000.6.0f1 (f7f8ed4d1e24) revision 16251117'; Using compiler version '194234433'; Build Type 'Release'
[Licensing::Module] Trying to connect to existing licensing client channel...
OS: 'Windows 11  (10.0.26200) Professional' Language: 'en' Physical Memory: 16075 MB
BatchMode: 1, IsHumanControllingUs: 0, StartBugReporterOnCrash: 0, Is64bit: 1
System  architecture: x64
Process architecture: x64
Date: 2026-09-20T17:29:12Z
[Licensing::IpcConnector] Successfully connected to: "LicenseClient-erik1984" at "2026-09-20T17:29:12.272981Z"
[Licensing::Client] Code 10 while verifying Licensing Client signature (process Id: 17704, path: "C:/Program Files/Unity Hub/UnityLicensingClient_V1/Unity.Licensing.Client.exe")
[Licensing::Module] LicensingClient has failed validation; ignoring
[Licensing::Client] Handshaking with LicensingClient:
  Version:                 1.18.3+d7ffd15
  Session Id:              d541254e92ee43e386a5b9e087fc28a0
  Correlation Id:          14e5c0213d83badbf2bb8aee405246a0
  External correlation Id: 8101630494055335586
  Machine Id:              EumUUpzsgCqVS6b43t6iMy9DaCM=
[Licensing::Module] Successfully connected to LicensingClient on channel: "LicenseClient-erik1984" (connect: 0.00s, validation: 0.00s, handshake: 0.46s)
[Licensing::IpcConnector] Successfully connected to: "LicenseClient-erik1984-notifications" at "2026-09-20T17:29:12.7387158Z"
[Licensing::Module] Licensing Background thread has ended after 0.47s

COMMAND LINE ARGUMENTS:
C:\Program Files\Unity\Hub\Editor\6000.6.0f1-x86_64\Editor\Unity.exe
-adb2
-batchMode
-noUpm
-name
AssetImportWorkerHW0
-projectPath
C:/Users/esims/OneDrive/Documents/GitHub/weektoo
-logFile
Logs/AssetImportWorkerHW0.log
-srvPort
57728
-parentPid
33216
-analyticsCloudUserId
anonymous
-analyticsLocalProjectId
71cb909e73b7dae47a293d05996c17e1
-editorAnalyticsEnabled
1
-cbmEditorLicense
1c6b8508ebfd74f7a17143d78e08eb3fae8545cf
-cbmMachineId
EumUUpzsgCqVS6b43t6iMy9DaCM=
-licensingIpc
LicenseClient-erik1984
-noDiagnosticSwitchPersistentStore
-job-worker-count
3
-background-job-worker-count
8
-asset-garbage-collectors
1
-force-d3d12
-name
AssetImport
Successfully changed project path to: C:/Users/esims/OneDrive/Documents/GitHub/weektoo
C:/Users/esims/OneDrive/Documents/GitHub/weektoo
[UnityMemory] Configuration Parameters - Can be set up in boot.config
    "memorysetup-temp-allocator-size-gi-baking-worker=262144"
    "memorysetup-temp-allocator-size-gi-baking-worker=262144"
    "memorysetup-temp-allocator-size-gi-baking-worker=262144"
    "memorysetup-temp-allocator-size-gi-baking-worker=262144"
    "memorysetup-temp-allocator-size-gi-baking-worker=262144"
    "memorysetup-temp-allocator-size-nav-mesh-worker=65536"
    "memorysetup-temp-allocator-size-audio-worker=65536"
    "memorysetup-temp-allocator-size-cloud-worker=32768"
    "memorysetup-temp-allocator-size-gfx=262144"
    "memorysetup-remapper-allocator-initial-capacity=32768"
    "memorysetup-temp-allocator-size-preload-manager=33554432"
    "memorysetup-allocator-temp-initial-block-size-main=262144"
    "memorysetup-allocator-temp-initial-block-size-worker=262144"
    "memorysetup-temp-allocator-size-job-worker=262144"
    "memorysetup-temp-allocator-size-background-worker=32768"
    "memorysetup-bucket-allocator-granularity=16"
    "memorysetup-bucket-allocator-bucket-count=8"
    "memorysetup-bucket-allocator-block-size=33554432"
    "memorysetup-bucket-allocator-block-count=8"
    "memorysetup-main-allocator-block-size=16777216"
    "memorysetup-thread-allocator-block-size=16777216"
    "memorysetup-main-allocator-mimalloc-enabled=1"
    "memorysetup-gfx-main-allocator-block-size=16777216"
    "memorysetup-gfx-thread-allocator-block-size=16777216"
    "memorysetup-cache-allocator-block-size=4194304"
    "memorysetup-typetree-allocator-block-size=2097152"
    "memorysetup-profiler-bucket-allocator-granularity=16"
    "memorysetup-profiler-bucket-allocator-bucket-count=8"
    "memorysetup-profiler-bucket-allocator-block-size=33554432"
    "memorysetup-profiler-bucket-allocator-block-count=8"
    "memorysetup-profiler-allocator-block-size=16777216"
    "memorysetup-profiler-editor-allocator-block-size=1048576"
    "memorysetup-temp-allocator-size-main=16777216"
    "memorysetup-job-temp-allocator-block-size=2097152"
    "memorysetup-job-temp-allocator-block-size-background=1048576"
    "memorysetup-job-temp-allocator-reduction-small-platforms=262144"
Player connection [16260]  Target information:

Player connection [16260]  * "[IP] 172.24.160.1 [Port] 0 [Flags] 2 [Guid] 1843604812 [EditorId] 1843604812 [Version] 1048832 [Id] WindowsEditor(7,DESKTOP-20E1QAH) [Debug] 1 [PackageName] WindowsEditor [ProjectName] Editor" 

Player connection [16260]  * "[IP] 192.168.0.99 [Port] 0 [Flags] 2 [Guid] 1843604812 [EditorId] 1843604812 [Version] 1048832 [Id] WindowsEditor(7,DESKTOP-20E1QAH) [Debug] 1 [PackageName] WindowsEditor [ProjectName] Editor" 

Player connection [16260] Host joined multi-casting on [225.0.0.222:54997]...
Player connection [16260] Host joined alternative multi-casting on [225.0.0.222:34997]...
JobSystem: Creating JobQueue using job-worker-count value 3
Input System module state changed to: Initialized.
[Physics::Module] Initialized fallback backend.
[Physics::Module] Id: 0xdecafbad
Library Redirect Path: Library/
Initialising UDS system complete:
  - System type: Client
  - Resource namespace: 42ccc43ad5308c4d3779259963bc1959
  - Shared memory size: 1073741824
  - Command buffer id: 1052576
  - Command buffer size: 8192
  - Hashmap size: 4194304
  - Service connected: true
  - Service working directory: Library/DataStore/
[Physics::Module] Selected backend.
[Physics::Module] Name: PhysX
[Physics::Module] Id: 0xf2b8ea05
[Physics::Module] SDK Version: 4.1.2
[Physics::Module] Integration Version: 1.0.0
[Physics::Module] Threading Mode: Multi-Threaded
Refreshing native plugins compatible for Editor in 6.62 ms, found 3 plugins.
Initialize engine version: 6000.6.0f1 (f7f8ed4d1e24)
[EntityIdStore] init: VM path (explicit commit), pageSize=4096, blockCount=1048576, entitiesPerBlock=256, slots reserved=4294967296 bytes
[Subsystems] Discovering subsystems at path C:/Program Files/Unity/Hub/Editor/6000.6.0f1-x86_64/Editor/Data/Resources/UnitySubsystems
[Subsystems] Discovering subsystems at path C:/Users/esims/OneDrive/Documents/GitHub/weektoo/Assets
Forcing GfxDevice: Direct3D 12
GfxDevice: creating device client; kGfxThreadingModeNonThreaded
d3d12: failed to query info queue interface (0x80004002).
Direct3D:
    Version:         Direct3D 12 [level 12.1]
    Renderer:        NVIDIA GeForce MX450 (ID=0x1f97)
    Vendor:          NVIDIA
    VRAM:            1906 MB
    App VRAM Budget: 1620 MB
    Driver:          32.0.15.5597
Initialize mono
Mono path[0] = 'C:/Program Files/Unity/Hub/Editor/6000.6.0f1-x86_64/Editor/Data/Managed'
Mono path[1] = 'C:/Program Files/Unity/Hub/Editor/6000.6.0f1-x86_64/Editor/Data/BCLExtensions/runtime/netstandard2.1'
Mono path[2] = 'C:/Program Files/Unity/Hub/Editor/6000.6.0f1-x86_64/Editor/Data/MonoBleedingEdge/lib/mono/unityjit-win32'
Mono config path = 'C:/Program Files/Unity/Hub/Editor/6000.6.0f1-x86_64/Editor/Data/MonoBleedingEdge/etc'
Using monoOptions --debugger-agent=transport=dt_socket,embedding=1,server=y,suspend=n,address=127.0.0.1:56168
CodeReloadManager initialized
Begin MonoManager ReloadAssembly
Registering precompiled unity dll's ...
Register platform support module: C:/Program Files/Unity/Hub/Editor/6000.6.0f1-x86_64/Editor/Data/PlaybackEngines/WindowsStandaloneSupport/UnityEditor.WindowsStandalone.Extensions.dll
Registered in 0.004512 seconds.
Native extension for WindowsStandalone target not found
Package Manager log level set to [2]
[Package Manager] Failed to launch server process. Reason: Unity was launched with the -noUpm command-line argument
[Package Manager] Unable to send message (not connected to server process).
[Package Manager] Cannot connect to Unity Package Manager local server
ScheduleIndexationOnStartup MainProcess:False IndexOnStartup:True
Scripting: successfully reloaded assembly
- Finished resetting the current domain, in  1.794 seconds
Domain Reload Profiling: 5324ms
	BeginReloadAssembly (1836ms)
	RebuildCommonClasses (17ms)
	RebuildNativeTypeToScriptingClass (56ms)
	initialDomainReloadingComplete (259ms)
	LoadAllAssembliesAndSetupDomain (1360ms)
		LoadAssemblies (1824ms)
		TypeCache.Refresh (1105ms)
			TypeCache.ScanAssembly (1056ms)
		AnalyzeDomain (1ms)
	FinalizeReload (1796ms)
		SetupLoadedEditorAssemblies (0ms)
			LogAssemblyErrors (7ms)
			InitializePlatformSupportModulesInManaged (6ms)
			BeforeProcessingInitializeOnLoad (386ms)
			ProcessInitializeOnLoadAttributes (518ms)
			ProcessInitializeOnLoadMethodAttributes (656ms)
Initializing Unity extensions:
[Licensing::Client] Successfully resolved entitlement details
[Licensing::Module] License group:
  Id: 20067644754863-UnityPersXXXX
  Product: Unity Personal
  Type: Assigned
  Expiration: Unlimited
========================================================================
Worker process is ready to serve import requests
Import Worker Mode flag is 0x00
Begin MonoManager ReloadAssembly
'Packages/com.unity.render-pipelines.core/Editor/Deprecated.cs' contains partial class of Unity.Object, exactly 1 of the partial classes needs to be in a file with the same filename. This is to know the one that can be referenced from ie. GameObjects
'Packages/com.unity.render-pipelines.core/Editor/Deprecated.cs' contains partial class of Unity.Object, exactly 1 of the partial classes needs to be in a file with the same filename. This is to know the one that can be referenced from ie. GameObjects
Refreshing native plugins compatible for Editor in 6.64 ms, found 3 plugins.
Native extension for WindowsStandalone target not found
[Package Manager] Failed to launch server process. Reason: Unity was launched with the -noUpm command-line argument
[Package Manager] Unable to send message (not connected to server process).
[Package Manager] Cannot connect to Unity Package Manager local server
[Package Manager] Failed to launch server process. Reason: Unity was launched with the -noUpm command-line argument
[Package Manager] Unable to send message (not connected to server process).
[Package Manager] Cannot connect to Unity Package Manager local server
ScheduleIndexationOnStartup MainProcess:False IndexOnStartup:True
Scripting: successfully reloaded assembly
- Finished resetting the current domain, in  1.216 seconds
Domain Reload Profiling: 4434ms
	BeginReloadAssembly (872ms)
		DisableScriptedObjects (25ms)
		CreateAndSetChildDomain (93ms)
	RebuildCommonClasses (24ms)
	RebuildNativeTypeToScriptingClass (52ms)
	initialDomainReloadingComplete (286ms)
	LoadAllAssembliesAndSetupDomain (1982ms)
		LoadAssemblies (1453ms)
		TypeCache.Refresh (338ms)
			TypeCache.ScanAssembly (301ms)
		AnalyzeDomain (251ms)
			BuildScriptInfoCaches (223ms)
			ResolveRequiredComponents (19ms)
	FinalizeReload (1217ms)
		SetupLoadedEditorAssemblies (0ms)
			LogAssemblyErrors (5ms)
			InitializePlatformSupportModulesInManaged (3ms)
			BeforeProcessingInitializeOnLoad (184ms)
			ProcessInitializeOnLoadAttributes (445ms)
			ProcessInitializeOnLoadMethodAttributes (138ms)
			AfterProcessingInitializeOnLoad (13ms)
		AwakeInstancesAfterBackupRestoration (13ms)
AcceleratorClientConnectionCallback - disconnected - :0
Launched and connected shader compiler UnityShaderCompiler.exe after 0.02 seconds
Refreshing native plugins compatible for Editor in 2.66 ms, found 3 plugins.
Unloading 24 Unused Serialized files (Serialized files now loaded: 0)
Unloading 4983 unused Assets / (4.8 MB). Loaded Objects now: 5921.
Memory consumption went from 305.6 MB to 300.8 MB.
Total: 11.215200 ms (FindLiveObjects: 1.178500 ms CreateObjectMapping: 0.882100 ms MarkObjects: 7.062600 ms  DeleteObjects: 1.695400 ms)

========================================================================
Received Prepare
AcceleratorClientConnectionCallback - disconnected - :0
Refreshing native plugins compatible for Editor in 5.95 ms, found 3 plugins.
Unloading 24 Unused Serialized files (Serialized files now loaded: 0)
Unloading 24 unused Assets / (3.0 MB). Loaded Objects now: 5921.
Memory consumption went from 300.3 MB to 297.3 MB.
Total: 17.988500 ms (FindLiveObjects: 1.236200 ms CreateObjectMapping: 0.987300 ms MarkObjects: 13.854400 ms  DeleteObjects: 1.377600 ms)

Prepare: number of updated asset objects reloaded= 0
========================================================================
Received Import Request.
  Time of request: 2026-09-20T17:29:56.349655Z
  Time since last request: 1634139.23696719994769 seconds.
  importAddress: GUID: 0147bc62fbb120546854fa4630e03d39 - Path: Assets/moveScript.cs - Importer: ScriptedImporter/UnityEditor.QuickSearchModule:UnityEditor.Search:ASIAI0B
Importing 'GUID: 0147bc62fbb120546854fa4630e03d39 - Path: Assets/moveScript.cs - Importer: ScriptedImporter/UnityEditor.QuickSearchModule:UnityEditor.Search:ASIAI0B' with importer (ScriptedImporter : UnityEditor.QuickSearchModule:UnityEditor.Search:ASIAI0B)
Imported 'GUID: 0147bc62fbb120546854fa4630e03d39' -> (Import Result ID: 'b49dbd4fd11304b7befc6dadcb47335d') in 0.266 seconds [static and dynamic dependencies]. Details - ImportResultOutputID=127c8f924a377944ac8f7ec5198c4fba DependenciesID=742e42ca061eef63c4436552b6ce55c0 StaticDependenciesID=605713457afabc7b76ca86bf99e08bf9 
Number of updated asset objects reloaded before import = 0
Number of asset objects unloaded after import = 0
========================================================================
Received Import Request.
  Time of request: 2026-09-20T17:29:56.6419067Z
  Time since last request: 0.0009769 seconds.
  importAddress: GUID: 99c9720ab356a0642a771bea13969a05 - Path: Assets/Scenes/SampleScene.unity - Importer: ScriptedImporter/UnityEditor.QuickSearchModule:UnityEditor.Search:ASIAI0B
Importing 'GUID: 99c9720ab356a0642a771bea13969a05 - Path: Assets/Scenes/SampleScene.unity - Importer: ScriptedImporter/UnityEditor.QuickSearchModule:UnityEditor.Search:ASIAI0B' with importer (ScriptedImporter : UnityEditor.QuickSearchModule:UnityEditor.Search:ASIAI0B)
Imported 'GUID: 99c9720ab356a0642a771bea13969a05' -> (Import Result ID: 'f399c83ce4dff643511ef11a042bb5ab') in 0.056 seconds [static and dynamic dependencies]. Details - ImportResultOutputID=0c9f31fb65744846a08a7addeda492c8 DependenciesID=ead592f3afb3a74451a6c33e0ceed12d StaticDependenciesID=836356eed21d068adf56e074809aac02 
Number of updated asset objects reloaded before import = 0
Number of asset objects unloaded after import = 1
========================================================================
Received Prepare
AcceleratorClientConnectionCallback - disconnected - :0
[Licensing::Client] Successfully resolved entitlement details
Begin MonoManager ReloadAssembly
'Packages/com.unity.render-pipelines.core/Editor/Deprecated.cs' contains partial class of Unity.Object, exactly 1 of the partial classes needs to be in a file with the same filename. This is to know the one that can be referenced from ie. GameObjects
'Packages/com.unity.render-pipelines.core/Editor/Deprecated.cs' contains partial class of Unity.Object, exactly 1 of the partial classes needs to be in a file with the same filename. This is to know the one that can be referenced from ie. GameObjects
Native extension for WindowsStandalone target not found
[Package Manager] Failed to launch server process. Reason: Unity was launched with the -noUpm command-line argument
[Package Manager] Unable to send message (not connected to server process).
[Package Manager] Cannot connect to Unity Package Manager local server
[Package Manager] Failed to launch server process. Reason: Unity was launched with the -noUpm command-line argument
[Package Manager] Unable to send message (not connected to server process).
[Package Manager] Cannot connect to Unity Package Manager local server
ScheduleIndexationOnStartup MainProcess:False IndexOnStartup:True
Scripting: successfully reloaded assembly
- Finished resetting the current domain, in  2.568 seconds
Domain Reload Profiling: 8848ms
	BeginReloadAssembly (2382ms)
		ExecutionOrderSort (3ms)
		DisableScriptedObjects (93ms)
		CreateAndSetChildDomain (748ms)
	RebuildCommonClasses (64ms)
	RebuildNativeTypeToScriptingClass (70ms)
	initialDomainReloadingComplete (300ms)
	LoadAllAssembliesAndSetupDomain (3457ms)
		LoadAssemblies (2397ms)
		TypeCache.Refresh (883ms)
			TypeCache.ScanAssembly (757ms)
		AnalyzeDomain (269ms)
			BuildScriptInfoCaches (246ms)
			ResolveRequiredComponents (13ms)
	FinalizeReload (2576ms)
		SetupLoadedEditorAssemblies (0ms)
			LogAssemblyErrors (10ms)
			InitializePlatformSupportModulesInManaged (9ms)
			BeforeProcessingInitializeOnLoad (393ms)
			ProcessInitializeOnLoadAttributes (413ms)
			ProcessInitializeOnLoadMethodAttributes (443ms)
			AfterProcessingInitializeOnLoad (89ms)
			EditorAssembliesLoaded (11ms)
		AwakeInstancesAfterBackupRestoration (53ms)
Refreshing native plugins compatible for Editor in 4.88 ms, found 0 plugins.
Unloading 24 Unused Serialized files (Serialized files now loaded: 0)
Unloading 4058 unused Assets / (5.0 MB). Loaded Objects now: 5064.
Memory consumption went from 292.1 MB to 287.1 MB.
Total: 26.475700 ms (FindLiveObjects: 2.463700 ms CreateObjectMapping: 1.229400 ms MarkObjects: 18.652600 ms  DeleteObjects: 3.470400 ms)

Prepare: number of updated asset objects reloaded= 0
========================================================================
Received Import Request.
  Time of request: 2026-09-20T17:35:59.6177512Z
  Time since last request: 362.87975399999999 seconds.
  importAddress: GUID: 0147bc62fbb120546854fa4630e03d39 - Path: Assets/moveScript.cs - Importer: PreviewImporter
Importing 'GUID: 0147bc62fbb120546854fa4630e03d39 - Path: Assets/moveScript.cs - Importer: PreviewImporter' with importer (PreviewImporter)
Imported 'GUID: 0147bc62fbb120546854fa4630e03d39' -> (Import Result ID: 'eb448d9acef58b91d5eb85df18d559cb') in 0.031 seconds [static and dynamic dependencies]. Details - ImportResultOutputID=f9c6fbf5840433b88b4e1bcb8d23bc16 DependenciesID=f1a82a2e32379b97d9573e44f90e4162 StaticDependenciesID=116e92eb6dcd542ae4e96921b31f321a 
Number of updated asset objects reloaded before import = 0
Number of asset objects unloaded after import = 0
========================================================================
Received Prepare
AcceleratorClientConnectionCallback - disconnected - :0
'Packages/com.unity.render-pipelines.core/Editor/Deprecated.cs' contains partial class of Unity.Object, exactly 1 of the partial classes needs to be in a file with the same filename. This is to know the one that can be referenced from ie. GameObjects
'Packages/com.unity.render-pipelines.core/Editor/Deprecated.cs' contains partial class of Unity.Object, exactly 1 of the partial classes needs to be in a file with the same filename. This is to know the one that can be referenced from ie. GameObjects
Refreshing native plugins compatible for Editor in 49.42 ms, found 0 plugins.
Unloading 24 Unused Serialized files (Serialized files now loaded: 0)
Unloading 4057 unused Assets / (3.0 MB). Loaded Objects now: 5064.
Memory consumption went from 295.3 MB to 292.3 MB.
Total: 3071.619500 ms (FindLiveObjects: 26.103600 ms CreateObjectMapping: 2.038100 ms MarkObjects: 3038.233100 ms  DeleteObjects: 4.673600 ms)

Prepare: number of updated asset objects reloaded= 0
========================================================================
Received Prepare
AcceleratorClientConnectionCallback - disconnected - :0
[Licensing::Client] Successfully resolved entitlement details
Begin MonoManager ReloadAssembly
'Packages/com.unity.render-pipelines.core/Editor/Deprecated.cs' contains partial class of Unity.Object, exactly 1 of the partial classes needs to be in a file with the same filename. This is to know the one that can be referenced from ie. GameObjects
'Packages/com.unity.render-pipelines.core/Editor/Deprecated.cs' contains partial class of Unity.Object, exactly 1 of the partial classes needs to be in a file with the same filename. This is to know the one that can be referenced from ie. GameObjects
Native extension for WindowsStandalone target not found
[Package Manager] Failed to launch server process. Reason: Unity was launched with the -noUpm command-line argument
[Package Manager] Unable to send message (not connected to server process).
[Package Manager] Cannot connect to Unity Package Manager local server
[Package Manager] Failed to launch server process. Reason: Unity was launched with the -noUpm command-line argument
[Package Manager] Unable to send message (not connected to server process).
[Package Manager] Cannot connect to Unity Package Manager local server
ScheduleIndexationOnStartup MainProcess:False IndexOnStartup:True
Scripting: successfully reloaded assembly
- Finished resetting the current domain, in  3.166 seconds
Domain Reload Profiling: 12575ms
	BeginReloadAssembly (2817ms)
		DisableScriptedObjects (254ms)
		CreateAndSetChildDomain (384ms)
	RebuildCommonClasses (277ms)
	RebuildNativeTypeToScriptingClass (842ms)
	initialDomainReloadingComplete (1406ms)
	LoadAllAssembliesAndSetupDomain (4063ms)
		LoadAssemblies (4146ms)
		TypeCache.Refresh (42ms)
		AnalyzeDomain (549ms)
			BuildScriptInfoCaches (512ms)
			ResolveRequiredComponents (23ms)
	FinalizeReload (3171ms)
		SetupLoadedEditorAssemblies (0ms)
			LogAssemblyErrors (10ms)
			InitializePlatformSupportModulesInManaged (10ms)
			BeforeProcessingInitializeOnLoad (604ms)
			ProcessInitializeOnLoadAttributes (804ms)
			ProcessInitializeOnLoadMethodAttributes (433ms)
			AfterProcessingInitializeOnLoad (45ms)
			EditorAssembliesLoaded (5ms)
		AwakeInstancesAfterBackupRestoration (151ms)
Refreshing native plugins compatible for Editor in 2.21 ms, found 0 plugins.
Unloading 24 Unused Serialized files (Serialized files now loaded: 0)
Unloading 4058 unused Assets / (4.7 MB). Loaded Objects now: 5066.
Memory consumption went from 297.5 MB to 292.8 MB.
Total: 26.331500 ms (FindLiveObjects: 1.430600 ms CreateObjectMapping: 1.821500 ms MarkObjects: 17.706000 ms  DeleteObjects: 4.276300 ms)

Prepare: number of updated asset objects reloaded= 0
========================================================================
Received Prepare
AcceleratorClientConnectionCallback - disconnected - :0
Refreshing native plugins compatible for Editor in 2.07 ms, found 0 plugins.
Unloading 24 Unused Serialized files (Serialized files now loaded: 0)
Unloading 24 unused Assets / (3.0 MB). Loaded Objects now: 5066.
Memory consumption went from 297.9 MB to 294.9 MB.
Total: 21.173000 ms (FindLiveObjects: 2.114700 ms CreateObjectMapping: 0.947100 ms MarkObjects: 16.570900 ms  DeleteObjects: 1.035600 ms)

Prepare: number of updated asset objects reloaded= 0
